// Jest Snapshot v1, https://goo.gl/fbAQLP

exports[`GroupOptions component should render as expected 1`] = `<option />`;
