// Jest Snapshot v1, https://goo.gl/fbAQLP

exports[`Groups component should render Groups component 1`] = `
<li
  onClick={[Function]}
>
  <a
    className="text-decoration"
    href="#/dashboard"
  />
</li>
`;
