// Jest Snapshot v1, https://goo.gl/fbAQLP

exports[`Message component should create a snapshot of itself 1`] = `
<div>
  <a
    className="list-group-item list-group-item-action flex-column align-items-start"
    href="#"
  >
    <div
      className="d-flex w-100 justify-content-between"
    >
      <h5
        className="mb-1"
      >
        <strong />
          
        <small
          className="text-muted"
        />
          
        <span
          onClick={[Function]}
        >
          <span
            className="glyphicon glyphicon-user"
          />
        </span>
      </h5>
    </div>
    <p
      className="mb-1"
    />
  </a>
</div>
`;
