// Jest Snapshot v1, https://goo.gl/fbAQLP

exports[`Home About component should render as expected 1`] = `
<div
  className="container"
>
  <div
    className="row"
  >
    <div
      className="col-md-3"
    />
    <div
      className="col-sm-12 col-md-6"
    >
      <h2>
        Reset your PostIt Password
      </h2>
      <br />
      <h4>
        Enter your email address
      </h4>
      <br />
      <form
        onSubmit={[Function]}
      >
        <div
          className="form-group"
        >
          <input
            className="form-control"
            placeholder="Email"
            required={true}
            type="email"
          />
        </div>
        <button
          className="btn btn-primary"
          type="submit"
        >
          Submit
        </button>
      </form>
      <br />
      <div>
        <a
          href="#/login"
        >
          Back to Log in
        </a>
      </div>
    </div>
  </div>
</div>
`;

exports[`ResetPassword component About component should render as expected 1`] = `
<div
  className="container"
>
  <div
    className="row"
  >
    <div
      className="col-md-3"
    />
    <div
      className="col-sm-12 col-md-6"
    >
      <h2>
        Reset your PostIt Password
      </h2>
      <br />
      <h4>
        Enter your email address
      </h4>
      <br />
      <form
        onSubmit={[Function]}
      >
        <div
          className="form-group"
        >
          <input
            className="form-control"
            placeholder="Email"
            required={true}
            type="email"
          />
        </div>
        <button
          className="btn btn-primary"
          type="submit"
        >
          Submit
        </button>
      </form>
      <br />
      <div>
        <a
          href="#/login"
        >
          Back to Log in
        </a>
      </div>
    </div>
  </div>
</div>
`;
